// Jest Snapshot v1, https://goo.gl/fbAQLP

exports[`renders correctly 1`] = `
<View
  accessibilityState={
    {
      "busy": undefined,
      "checked": undefined,
      "disabled": undefined,
      "expanded": undefined,
      "selected": undefined,
    }
  }
  accessibilityValue={
    {
      "max": undefined,
      "min": undefined,
      "now": undefined,
      "text": undefined,
    }
  }
  accessible={true}
  collapsable={false}
  focusable={true}
  onClick={[Function]}
  onResponderGrant={[Function]}
  onResponderMove={[Function]}
  onResponderRelease={[Function]}
  onResponderTerminate={[Function]}
  onResponderTerminationRequest={[Function]}
  onStartShouldSetResponder={[Function]}
  style={
    {
      "alignItems": "center",
      "borderColor": "#c5c5af",
      "borderRadius": 5,
      "borderWidth": 1,
      "flexDirection": "row",
      "height": 50,
      "justifyContent": "center",
      "opacity": 1,
      "padding": 5,
      "width": 100,
    }
  }
>
  <Text
    style={
      {
        "color": undefined,
        "fontSize": 15,
        "fontWeight": "700",
        "letterSpacing": 0.5,
      }
    }
  >
    Button
  </Text>
</View>
`;
