// Jest Snapshot v1, https://goo.gl/fbAQLP

exports[`renders SearchInputHeader component correctly 1`] = `
<View
  style={
    {
      "alignItems": "center",
      "flexDirection": "row",
      "justifyContent": "space-between",
      "marginBottom": 20,
      "width": "100%",
    }
  }
>
  <View
    style={
      {
        "alignItems": "center",
        "backgroundColor": "#f9f9f9",
        "borderColor": "#c5c5af",
        "borderRadius": 10,
        "borderWidth": 1,
        "flexDirection": "row",
        "justifyContent": "center",
        "paddingHorizontal": 10,
        "width": "70%",
      }
    }
  >
    <Text>
      🔍
    </Text>
    <TextInput
      onChangeText={[Function]}
      placeholder="Search by name"
      style={
        {
          "padding": 16,
          "width": "90%",
        }
      }
      value=""
    />
  </View>
  <View
    accessibilityState={
      {
        "busy": undefined,
        "checked": undefined,
        "disabled": undefined,
        "expanded": undefined,
        "selected": undefined,
      }
    }
    accessibilityValue={
      {
        "max": undefined,
        "min": undefined,
        "now": undefined,
        "text": undefined,
      }
    }
    accessible={true}
    collapsable={false}
    focusable={true}
    onClick={[Function]}
    onResponderGrant={[Function]}
    onResponderMove={[Function]}
    onResponderRelease={[Function]}
    onResponderTerminate={[Function]}
    onResponderTerminationRequest={[Function]}
    onStartShouldSetResponder={[Function]}
    style={
      {
        "alignItems": "center",
        "borderColor": "#c5c5af",
        "borderRadius": 30,
        "borderWidth": 1,
        "flexDirection": "row",
        "height": undefined,
        "justifyContent": "center",
        "opacity": 1,
        "padding": 5,
        "width": undefined,
      }
    }
  >
    <Text
      style={
        {
          "color": "#ffffff",
          "fontSize": 15,
          "fontWeight": "700",
          "letterSpacing": 0.5,
        }
      }
    >
      Search
    </Text>
  </View>
</View>
`;
